12>D:\source\mwadams\Corvus.Text.Json\tests\Corvus.Text.Json.Migration.Analyzers.Tests\CreateFactoryAnalyzerTests.cs(65,5,65,7): error SA1512: Single-line comments should not be followed by blank line (https://github.com/DotNetAnalyzers/StyleCopAnalyzers/blob/master/documentation/SA1512.md)
12>D:\source\mwadams\Corvus.Text.Json\tests\Corvus.Text.Json.Migration.Analyzers.Tests\CreateFactoryAnalyzerTests.cs(180,5,180,7): error SA1512: Single-line comments should not be followed by blank line (https://github.com/DotNetAnalyzers/StyleCopAnalyzers/blob/master/documentation/SA1512.md)
12>D:\source\mwadams\Corvus.Text.Json\tests\Corvus.Text.Json.Migration.Analyzers.Tests\CreateFactoryAnalyzerTests.cs(258,5,258,7): error SA1512: Single-line comments should not be followed by blank line (https://github.com/DotNetAnalyzers/StyleCopAnalyzers/blob/master/documentation/SA1512.md)
12>D:\source\mwadams\Corvus.Text.Json\tests\Corvus.Text.Json.Migration.Analyzers.Tests\CreateFactoryAnalyzerTests.cs(335,5,335,7): error SA1512: Single-line comments should not be followed by blank line (https://github.com/DotNetAnalyzers/StyleCopAnalyzers/blob/master/documentation/SA1512.md)
12>D:\source\mwadams\Corvus.Text.Json\tests\Corvus.Text.Json.Migration.Analyzers.Tests\CreateFactoryAnalyzerTests.cs(412,5,412,7): error SA1512: Single-line comments should not be followed by blank line (https://github.com/DotNetAnalyzers/StyleCopAnalyzers/blob/master/documentation/SA1512.md)
12>D:\source\mwadams\Corvus.Text.Json\tests\Corvus.Text.Json.Migration.Analyzers.Tests\FunctionalArrayAnalyzerTests.cs(277,5,277,7): error SA1512: Single-line comments should not be followed by blank line (https://github.com/DotNetAnalyzers/StyleCopAnalyzers/blob/master/documentation/SA1512.md)
12>D:\source\mwadams\Corvus.Text.Json\tests\Corvus.Text.Json.Migration.Analyzers.Tests\FunctionalArrayAnalyzerTests.cs(530,5,530,7): error SA1512: Single-line comments should not be followed by blank line (https://github.com/DotNetAnalyzers/StyleCopAnalyzers/blob/master/documentation/SA1512.md)
12>D:\source\mwadams\Corvus.Text.Json\tests\Corvus.Text.Json.Migration.Analyzers.Tests\AsAccessorAnalyzerTests.cs(64,9,64,15): error RCS1118: Mark local variable as const (https://josefpihrt.github.io/docs/roslynator/analyzers/RCS1118)
12>D:\source\mwadams\Corvus.Text.Json\tests\Corvus.Text.Json.Migration.Analyzers.Tests\AsAccessorAnalyzerTests.cs(36,9,36,15): error RCS1118: Mark local variable as const (https://josefpihrt.github.io/docs/roslynator/analyzers/RCS1118)
12>D:\source\mwadams\Corvus.Text.Json\tests\Corvus.Text.Json.Migration.Analyzers.Tests\AsAccessorAnalyzerTests.cs(92,9,92,15): error RCS1118: Mark local variable as const (https://josefpihrt.github.io/docs/roslynator/analyzers/RCS1118)
12>D:\source\mwadams\Corvus.Text.Json\tests\Corvus.Text.Json.Migration.Analyzers.Tests\AsAccessorAnalyzerTests.cs(176,9,176,15): error RCS1118: Mark local variable as const (https://josefpihrt.github.io/docs/roslynator/analyzers/RCS1118)
12>D:\source\mwadams\Corvus.Text.Json\tests\Corvus.Text.Json.Migration.Analyzers.Tests\AsAccessorAnalyzerTests.cs(148,9,148,15): error RCS1118: Mark local variable as const (https://josefpihrt.github.io/docs/roslynator/analyzers/RCS1118)
12>D:\source\mwadams\Corvus.Text.Json\tests\Corvus.Text.Json.Migration.Analyzers.Tests\AsAccessorAnalyzerTests.cs(120,9,120,15): error RCS1118: Mark local variable as const (https://josefpihrt.github.io/docs/roslynator/analyzers/RCS1118)
12>D:\source\mwadams\Corvus.Text.Json\tests\Corvus.Text.Json.Migration.Analyzers.Tests\AsAccessorAnalyzerTests.cs(199,9,199,15): error RCS1118: Mark local variable as const (https://josefpihrt.github.io/docs/roslynator/analyzers/RCS1118)
12>D:\source\mwadams\Corvus.Text.Json\tests\Corvus.Text.Json.Migration.Analyzers.Tests\AsAccessorAnalyzerTests.cs(223,9,223,15): error RCS1118: Mark local variable as const (https://josefpihrt.github.io/docs/roslynator/analyzers/RCS1118)
12>D:\source\mwadams\Corvus.Text.Json\tests\Corvus.Text.Json.Migration.Analyzers.Tests\AsGenericAnalyzerTests.cs(101,9,101,15): error RCS1118: Mark local variable as const (https://josefpihrt.github.io/docs/roslynator/analyzers/RCS1118)
12>D:\source\mwadams\Corvus.Text.Json\tests\Corvus.Text.Json.Migration.Analyzers.Tests\AsGenericAnalyzerTests.cs(125,9,125,15): error RCS1118: Mark local variable as const (https://josefpihrt.github.io/docs/roslynator/analyzers/RCS1118)
12>D:\source\mwadams\Corvus.Text.Json\tests\Corvus.Text.Json.Migration.Analyzers.Tests\JsonDocumentParseAnalyzerTests.cs(172,5,172,7): error SA1512: Single-line comments should not be followed by blank line (https://github.com/DotNetAnalyzers/StyleCopAnalyzers/blob/master/documentation/SA1512.md)
12>D:\source\mwadams\Corvus.Text.Json\tests\Corvus.Text.Json.Migration.Analyzers.Tests\CoreTypeAnalyzerTests.cs(83,9,83,15): error RCS1118: Mark local variable as const (https://josefpihrt.github.io/docs/roslynator/analyzers/RCS1118)
12>D:\source\mwadams\Corvus.Text.Json\tests\Corvus.Text.Json.Migration.Analyzers.Tests\CoreTypeAnalyzerTests.cs(105,9,105,15): error RCS1118: Mark local variable as const (https://josefpihrt.github.io/docs/roslynator/analyzers/RCS1118)
12>D:\source\mwadams\Corvus.Text.Json\tests\Corvus.Text.Json.Migration.Analyzers.Tests\CoreTypeAnalyzerTests.cs(129,9,129,15): error RCS1118: Mark local variable as const (https://josefpihrt.github.io/docs/roslynator/analyzers/RCS1118)
12>D:\source\mwadams\Corvus.Text.Json\tests\Corvus.Text.Json.Migration.Analyzers.Tests\CountPropertyAnalyzerTests.cs(85,9,85,15): error RCS1118: Mark local variable as const (https://josefpihrt.github.io/docs/roslynator/analyzers/RCS1118)
12>D:\source\mwadams\Corvus.Text.Json\tests\Corvus.Text.Json.Migration.Analyzers.Tests\FromJsonAnalyzerTests.cs(153,9,153,15): error RCS1118: Mark local variable as const (https://josefpihrt.github.io/docs/roslynator/analyzers/RCS1118)
12>D:\source\mwadams\Corvus.Text.Json\tests\Corvus.Text.Json.Migration.Analyzers.Tests\ValidateAnalyzerTests.cs(91,9,91,15): error RCS1118: Mark local variable as const (https://josefpihrt.github.io/docs/roslynator/analyzers/RCS1118)
12>D:\source\mwadams\Corvus.Text.Json\tests\Corvus.Text.Json.Migration.Analyzers.Tests\NamespaceMigrationTests.cs(77,9,77,15): error RCS1118: Mark local variable as const (https://josefpihrt.github.io/docs/roslynator/analyzers/RCS1118)
12>D:\source\mwadams\Corvus.Text.Json\tests\Corvus.Text.Json.Migration.Analyzers.Tests\FromJsonAnalyzerTests.cs(176,9,176,15): error RCS1118: Mark local variable as const (https://josefpihrt.github.io/docs/roslynator/analyzers/RCS1118)
12>D:\source\mwadams\Corvus.Text.Json\tests\Corvus.Text.Json.Migration.Analyzers.Tests\ValidateAnalyzerTests.cs(124,9,124,15): error RCS1118: Mark local variable as const (https://josefpihrt.github.io/docs/roslynator/analyzers/RCS1118)
12>D:\source\mwadams\Corvus.Text.Json\tests\Corvus.Text.Json.Migration.Analyzers.Tests\ValidateAnalyzerTests.cs(148,9,148,15): error RCS1118: Mark local variable as const (https://josefpihrt.github.io/docs/roslynator/analyzers/RCS1118)
12>D:\source\mwadams\Corvus.Text.Json\tests\Corvus.Text.Json.Migration.Analyzers.Tests\ValidateAnalyzerTests.cs(172,9,172,15): error RCS1118: Mark local variable as const (https://josefpihrt.github.io/docs/roslynator/analyzers/RCS1118)
12>D:\source\mwadams\Corvus.Text.Json\tests\Corvus.Text.Json.Migration.Analyzers.Tests\TryGetStringAnalyzerTests.cs(85,9,85,15): error RCS1118: Mark local variable as const (https://josefpihrt.github.io/docs/roslynator/analyzers/RCS1118)
12>D:\source\mwadams\Corvus.Text.Json\tests\Corvus.Text.Json.Migration.Analyzers.Tests\ParsedValueAnalyzerTests.cs(102,9,102,15): error RCS1118: Mark local variable as const (https://josefpihrt.github.io/docs/roslynator/analyzers/RCS1118)
12>D:\source\mwadams\Corvus.Text.Json\tests\Corvus.Text.Json.Migration.Analyzers.Tests\WithMutationCodeFixTests.cs(317,13,317,15): error SA1515: Single-line comment should be preceded by blank line (https://github.com/DotNetAnalyzers/StyleCopAnalyzers/blob/master/documentation/SA1515.md)
12>D:\source\mwadams\Corvus.Text.Json\tests\Corvus.Text.Json.Migration.Analyzers.Tests\ParsedValueAnalyzerTests.cs(125,9,125,15): error RCS1118: Mark local variable as const (https://josefpihrt.github.io/docs/roslynator/analyzers/RCS1118)
12>D:\source\mwadams\Corvus.Text.Json\tests\Corvus.Text.Json.Migration.Analyzers.Tests\ParsedValueAnalyzerTests.cs(149,9,149,15): error RCS1118: Mark local variable as const (https://josefpihrt.github.io/docs/roslynator/analyzers/RCS1118)
12>D:\source\mwadams\Corvus.Text.Json\tests\Corvus.Text.Json.Migration.Analyzers.Tests\FunctionalArrayAnalyzerTests.cs(259,9,259,15): error RCS1118: Mark local variable as const (https://josefpihrt.github.io/docs/roslynator/analyzers/RCS1118)
12>D:\source\mwadams\Corvus.Text.Json\tests\Corvus.Text.Json.Migration.Analyzers.Tests\JsonDocumentParseAnalyzerTests.cs(61,9,61,15): error RCS1118: Mark local variable as const (https://josefpihrt.github.io/docs/roslynator/analyzers/RCS1118)
12>D:\source\mwadams\Corvus.Text.Json\tests\Corvus.Text.Json.Migration.Analyzers.Tests\CountPropertyAnalyzerTests.cs(104,9,104,15): error RCS1118: Mark local variable as const (https://josefpihrt.github.io/docs/roslynator/analyzers/RCS1118)
12>D:\source\mwadams\Corvus.Text.Json\tests\Corvus.Text.Json.Migration.Analyzers.Tests\JsonDocumentParseAnalyzerTests.cs(149,9,149,15): error RCS1118: Mark local variable as const (https://josefpihrt.github.io/docs/roslynator/analyzers/RCS1118)
12>D:\source\mwadams\Corvus.Text.Json\tests\Corvus.Text.Json.Migration.Analyzers.Tests\FunctionalArrayAnalyzerTests.cs(362,9,362,15): error RCS1118: Mark local variable as const (https://josefpihrt.github.io/docs/roslynator/analyzers/RCS1118)
12>D:\source\mwadams\Corvus.Text.Json\tests\Corvus.Text.Json.Migration.Analyzers.Tests\FunctionalArrayAnalyzerTests.cs(471,9,471,15): error RCS1118: Mark local variable as const (https://josefpihrt.github.io/docs/roslynator/analyzers/RCS1118)
12>D:\source\mwadams\Corvus.Text.Json\tests\Corvus.Text.Json.Migration.Analyzers.Tests\CreateFactoryAnalyzerTests.cs(506,9,506,15): error RCS1118: Mark local variable as const (https://josefpihrt.github.io/docs/roslynator/analyzers/RCS1118)

11>D:\source\mwadams\Corvus.Text.Json\tests\Corvus.Text.Json.Analyzers.Tests\MissingDisposeAnalyzerTests.cs(65,5,65,7): error SA1512: Single-line comments should not be followed by blank line (https://github.com/DotNetAnalyzers/StyleCopAnalyzers/blob/master/documentation/SA1512.md)
11>D:\source\mwadams\Corvus.Text.Json\tests\Corvus.Text.Json.Analyzers.Tests\MissingDisposeAnalyzerTests.cs(189,5,189,7): error SA1512: Single-line comments should not be followed by blank line (https://github.com/DotNetAnalyzers/StyleCopAnalyzers/blob/master/documentation/SA1512.md)
11>D:\source\mwadams\Corvus.Text.Json\tests\Corvus.Text.Json.Analyzers.Tests\MissingDisposeAnalyzerTests.cs(263,5,263,7): error SA1512: Single-line comments should not be followed by blank line (https://github.com/DotNetAnalyzers/StyleCopAnalyzers/blob/master/documentation/SA1512.md)
11>D:\source\mwadams\Corvus.Text.Json\tests\Corvus.Text.Json.Analyzers.Tests\MissingDisposeAnalyzerTests.cs(319,5,319,7): error SA1512: Single-line comments should not be followed by blank line (https://github.com/DotNetAnalyzers/StyleCopAnalyzers/blob/master/documentation/SA1512.md)
11>D:\source\mwadams\Corvus.Text.Json\tests\Corvus.Text.Json.Analyzers.Tests\MissingDisposeAnalyzerTests.cs(403,5,403,7): error SA1512: Single-line comments should not be followed by blank line (https://github.com/DotNetAnalyzers/StyleCopAnalyzers/blob/master/documentation/SA1512.md)
11>D:\source\mwadams\Corvus.Text.Json\tests\Corvus.Text.Json.Analyzers.Tests\PreferMemoryParseAnalyzerTests.cs(52,5,52,7): error SA1512: Single-line comments should not be followed by blank line (https://github.com/DotNetAnalyzers/StyleCopAnalyzers/blob/master/documentation/SA1512.md)
11>D:\source\mwadams\Corvus.Text.Json\tests\Corvus.Text.Json.Analyzers.Tests\PreferMemoryParseAnalyzerTests.cs(83,5,83,7): error SA1512: Single-line comments should not be followed by blank line (https://github.com/DotNetAnalyzers/StyleCopAnalyzers/blob/master/documentation/SA1512.md)
11>D:\source\mwadams\Corvus.Text.Json\tests\Corvus.Text.Json.Analyzers.Tests\PreferMemoryParseAnalyzerTests.cs(114,5,114,7): error SA1512: Single-line comments should not be followed by blank line (https://github.com/DotNetAnalyzers/StyleCopAnalyzers/blob/master/documentation/SA1512.md)
11>D:\source\mwadams\Corvus.Text.Json\tests\Corvus.Text.Json.Analyzers.Tests\PropertyNameAllocationAnalyzerTests.cs(54,5,54,7): error SA1512: Single-line comments should not be followed by blank line (https://github.com/DotNetAnalyzers/StyleCopAnalyzers/blob/master/documentation/SA1512.md)
11>D:\source\mwadams\Corvus.Text.Json\tests\Corvus.Text.Json.Analyzers.Tests\PropertyNameAllocationAnalyzerTests.cs(145,5,145,7): error SA1512: Single-line comments should not be followed by blank line (https://github.com/DotNetAnalyzers/StyleCopAnalyzers/blob/master/documentation/SA1512.md)
11>D:\source\mwadams\Corvus.Text.Json\tests\Corvus.Text.Json.Analyzers.Tests\PropertyNameAllocationAnalyzerTests.cs(207,5,207,7): error SA1512: Single-line comments should not be followed by blank line (https://github.com/DotNetAnalyzers/StyleCopAnalyzers/blob/master/documentation/SA1512.md)
11>D:\source\mwadams\Corvus.Text.Json\tests\Corvus.Text.Json.Analyzers.Tests\PropertyNameAllocationAnalyzerTests.cs(343,5,343,7): error SA1512: Single-line comments should not be followed by blank line (https://github.com/DotNetAnalyzers/StyleCopAnalyzers/blob/master/documentation/SA1512.md)
11>D:\source\mwadams\Corvus.Text.Json\tests\Corvus.Text.Json.Analyzers.Tests\SchemaNavigationRefactoringTests.cs(804,17,804,19): error SA1515: Single-line comment should be preceded by blank line (https://github.com/DotNetAnalyzers/StyleCopAnalyzers/blob/master/documentation/SA1515.md)
11>D:\source\mwadams\Corvus.Text.Json\tests\Corvus.Text.Json.Analyzers.Tests\Utf8StringLiteralAnalyzerTests.cs(80,9,80,15): error RCS1118: Mark local variable as const (https://josefpihrt.github.io/docs/roslynator/analyzers/RCS1118)
11>D:\source\mwadams\Corvus.Text.Json\tests\Corvus.Text.Json.Analyzers.Tests\IgnoredValidationResultAnalyzerTests.cs(52,9,52,15): error RCS1118: Mark local variable as const (https://josefpihrt.github.io/docs/roslynator/analyzers/RCS1118)
11>D:\source\mwadams\Corvus.Text.Json\tests\Corvus.Text.Json.Analyzers.Tests\Utf8StringLiteralAnalyzerTests.cs(158,9,158,15): error RCS1118: Mark local variable as const (https://josefpihrt.github.io/docs/roslynator/analyzers/RCS1118)
11>D:\source\mwadams\Corvus.Text.Json\tests\Corvus.Text.Json.Analyzers.Tests\Utf8StringLiteralAnalyzerTests.cs(137,9,137,15): error RCS1118: Mark local variable as const (https://josefpihrt.github.io/docs/roslynator/analyzers/RCS1118)
11>D:\source\mwadams\Corvus.Text.Json\tests\Corvus.Text.Json.Analyzers.Tests\Utf8StringLiteralAnalyzerTests.cs(224,9,224,15): error RCS1118: Mark local variable as const (https://josefpihrt.github.io/docs/roslynator/analyzers/RCS1118)
11>D:\source\mwadams\Corvus.Text.Json\tests\Corvus.Text.Json.Analyzers.Tests\Utf8StringLiteralAnalyzerTests.cs(200,9,200,15): error RCS1118: Mark local variable as const (https://josefpihrt.github.io/docs/roslynator/analyzers/RCS1118)
11>D:\source\mwadams\Corvus.Text.Json\tests\Corvus.Text.Json.Analyzers.Tests\Utf8StringLiteralAnalyzerTests.cs(179,9,179,15): error RCS1118: Mark local variable as const (https://josefpihrt.github.io/docs/roslynator/analyzers/RCS1118)
11>D:\source\mwadams\Corvus.Text.Json\tests\Corvus.Text.Json.Analyzers.Tests\IgnoredValidationResultAnalyzerTests.cs(79,9,79,15): error RCS1118: Mark local variable as const (https://josefpihrt.github.io/docs/roslynator/analyzers/RCS1118)
11>D:\source\mwadams\Corvus.Text.Json\tests\Corvus.Text.Json.Analyzers.Tests\IgnoredValidationResultAnalyzerTests.cs(103,9,103,15): error RCS1118: Mark local variable as const (https://josefpihrt.github.io/docs/roslynator/analyzers/RCS1118)
11>D:\source\mwadams\Corvus.Text.Json\tests\Corvus.Text.Json.Analyzers.Tests\IgnoredValidationResultAnalyzerTests.cs(125,9,125,15): error RCS1118: Mark local variable as const (https://josefpihrt.github.io/docs/roslynator/analyzers/RCS1118)
11>D:\source\mwadams\Corvus.Text.Json\tests\Corvus.Text.Json.Analyzers.Tests\IgnoredValidationResultAnalyzerTests.cs(147,9,147,15): error RCS1118: Mark local variable as const (https://josefpihrt.github.io/docs/roslynator/analyzers/RCS1118)
11>D:\source\mwadams\Corvus.Text.Json\tests\Corvus.Text.Json.Analyzers.Tests\UnnecessaryConversionAnalyzerTests.cs(70,9,70,15): error RCS1118: Mark local variable as const (https://josefpihrt.github.io/docs/roslynator/analyzers/RCS1118)
11>D:\source\mwadams\Corvus.Text.Json\tests\Corvus.Text.Json.Analyzers.Tests\MatchLambdaCaptureAnalyzerTests.cs(67,9,67,15): error RCS1118: Mark local variable as const (https://josefpihrt.github.io/docs/roslynator/analyzers/RCS1118)
11>D:\source\mwadams\Corvus.Text.Json\tests\Corvus.Text.Json.Analyzers.Tests\IgnoredValidationResultAnalyzerTests.cs(194,9,194,15): error RCS1118: Mark local variable as const (https://josefpihrt.github.io/docs/roslynator/analyzers/RCS1118)
11>D:\source\mwadams\Corvus.Text.Json\tests\Corvus.Text.Json.Analyzers.Tests\IgnoredValidationResultAnalyzerTests.cs(224,9,224,15): error RCS1118: Mark local variable as const (https://josefpihrt.github.io/docs/roslynator/analyzers/RCS1118)
11>D:\source\mwadams\Corvus.Text.Json\tests\Corvus.Text.Json.Analyzers.Tests\UnnecessaryConversionAnalyzerTests.cs(92,9,92,15): error RCS1118: Mark local variable as const (https://josefpihrt.github.io/docs/roslynator/analyzers/RCS1118)
11>D:\source\mwadams\Corvus.Text.Json\tests\Corvus.Text.Json.Analyzers.Tests\IgnoredValidationResultAnalyzerTests.cs(246,9,246,15): error RCS1118: Mark local variable as const (https://josefpihrt.github.io/docs/roslynator/analyzers/RCS1118)
11>D:\source\mwadams\Corvus.Text.Json\tests\Corvus.Text.Json.Analyzers.Tests\MatchLambdaCaptureAnalyzerTests.cs(93,9,93,15): error RCS1118: Mark local variable as const (https://josefpihrt.github.io/docs/roslynator/analyzers/RCS1118)
11>D:\source\mwadams\Corvus.Text.Json\tests\Corvus.Text.Json.Analyzers.Tests\UnnecessaryConversionAnalyzerTests.cs(114,9,114,15): error RCS1118: Mark local variable as const (https://josefpihrt.github.io/docs/roslynator/analyzers/RCS1118)
11>D:\source\mwadams\Corvus.Text.Json\tests\Corvus.Text.Json.Analyzers.Tests\UnnecessaryConversionAnalyzerTests.cs(174,9,174,15): error RCS1118: Mark local variable as const (https://josefpihrt.github.io/docs/roslynator/analyzers/RCS1118)
11>D:\source\mwadams\Corvus.Text.Json\tests\Corvus.Text.Json.Analyzers.Tests\UnnecessaryConversionAnalyzerTests.cs(195,9,195,15): error RCS1118: Mark local variable as const (https://josefpihrt.github.io/docs/roslynator/analyzers/RCS1118)
11>D:\source\mwadams\Corvus.Text.Json\tests\Corvus.Text.Json.Analyzers.Tests\MatchLambdaCaptureAnalyzerTests.cs(115,9,115,15): error RCS1118: Mark local variable as const (https://josefpihrt.github.io/docs/roslynator/analyzers/RCS1118)
11>D:\source\mwadams\Corvus.Text.Json\tests\Corvus.Text.Json.Analyzers.Tests\UnnecessaryConversionAnalyzerTests.cs(222,9,222,15): error RCS1118: Mark local variable as const (https://josefpihrt.github.io/docs/roslynator/analyzers/RCS1118)
11>D:\source\mwadams\Corvus.Text.Json\tests\Corvus.Text.Json.Analyzers.Tests\MatchLambdaCaptureAnalyzerTests.cs(142,9,142,15): error RCS1118: Mark local variable as const (https://josefpihrt.github.io/docs/roslynator/analyzers/RCS1118)
11>D:\source\mwadams\Corvus.Text.Json\tests\Corvus.Text.Json.Analyzers.Tests\SchemaNavigationRefactoringTests.cs(89,9,89,15): error RCS1118: Mark local variable as const (https://josefpihrt.github.io/docs/roslynator/analyzers/RCS1118)
11>D:\source\mwadams\Corvus.Text.Json\tests\Corvus.Text.Json.Analyzers.Tests\MatchLambdaCaptureAnalyzerTests.cs(214,9,214,15): error RCS1118: Mark local variable as const (https://josefpihrt.github.io/docs/roslynator/analyzers/RCS1118)
11>D:\source\mwadams\Corvus.Text.Json\tests\Corvus.Text.Json.Analyzers.Tests\SchemaNavigationRefactoringTests.cs(120,9,120,15): error RCS1118: Mark local variable as const (https://josefpihrt.github.io/docs/roslynator/analyzers/RCS1118)
11>D:\source\mwadams\Corvus.Text.Json\tests\Corvus.Text.Json.Analyzers.Tests\MatchLambdaCaptureAnalyzerTests.cs(239,9,239,15): error RCS1118: Mark local variable as const (https://josefpihrt.github.io/docs/roslynator/analyzers/RCS1118)
11>D:\source\mwadams\Corvus.Text.Json\tests\Corvus.Text.Json.Analyzers.Tests\SchemaNavigationRefactoringTests.cs(149,9,149,15): error RCS1118: Mark local variable as const (https://josefpihrt.github.io/docs/roslynator/analyzers/RCS1118)
11>D:\source\mwadams\Corvus.Text.Json\tests\Corvus.Text.Json.Analyzers.Tests\SchemaNavigationRefactoringTests.cs(188,9,188,15): error RCS1118: Mark local variable as const (https://josefpihrt.github.io/docs/roslynator/analyzers/RCS1118)
11>D:\source\mwadams\Corvus.Text.Json\tests\Corvus.Text.Json.Analyzers.Tests\SchemaNavigationRefactoringTests.cs(144,5,144,42): error SA1124: Do not use regions (https://github.com/DotNetAnalyzers/StyleCopAnalyzers/blob/master/documentation/SA1124.md)
11>D:\source\mwadams\Corvus.Text.Json\tests\Corvus.Text.Json.Analyzers.Tests\MissingDisposeAnalyzerTests.cs(70,9,70,15): error RCS1118: Mark local variable as const (https://josefpihrt.github.io/docs/roslynator/analyzers/RCS1118)
11>D:\source\mwadams\Corvus.Text.Json\tests\Corvus.Text.Json.Analyzers.Tests\MissingDisposeAnalyzerTests.cs(97,9,97,15): error RCS1118: Mark local variable as const (https://josefpihrt.github.io/docs/roslynator/analyzers/RCS1118)
11>D:\source\mwadams\Corvus.Text.Json\tests\Corvus.Text.Json.Analyzers.Tests\MissingDisposeAnalyzerTests.cs(118,9,118,15): error RCS1118: Mark local variable as const (https://josefpihrt.github.io/docs/roslynator/analyzers/RCS1118)
11>D:\source\mwadams\Corvus.Text.Json\tests\Corvus.Text.Json.Analyzers.Tests\PreferMemoryParseAnalyzerTests.cs(57,9,57,15): error RCS1118: Mark local variable as const (https://josefpihrt.github.io/docs/roslynator/analyzers/RCS1118)
11>D:\source\mwadams\Corvus.Text.Json\tests\Corvus.Text.Json.Analyzers.Tests\MissingDisposeAnalyzerTests.cs(141,9,141,15): error RCS1118: Mark local variable as const (https://josefpihrt.github.io/docs/roslynator/analyzers/RCS1118)
11>D:\source\mwadams\Corvus.Text.Json\tests\Corvus.Text.Json.Analyzers.Tests\PreferMemoryParseAnalyzerTests.cs(88,9,88,15): error RCS1118: Mark local variable as const (https://josefpihrt.github.io/docs/roslynator/analyzers/RCS1118)
11>D:\source\mwadams\Corvus.Text.Json\tests\Corvus.Text.Json.Analyzers.Tests\PreferMemoryParseAnalyzerTests.cs(119,9,119,15): error RCS1118: Mark local variable as const (https://josefpihrt.github.io/docs/roslynator/analyzers/RCS1118)
11>D:\source\mwadams\Corvus.Text.Json\tests\Corvus.Text.Json.Analyzers.Tests\MissingDisposeAnalyzerTests.cs(163,9,163,15): error RCS1118: Mark local variable as const (https://josefpihrt.github.io/docs/roslynator/analyzers/RCS1118)
11>D:\source\mwadams\Corvus.Text.Json\tests\Corvus.Text.Json.Analyzers.Tests\PreferRentedWriterAnalyzerTests.cs(53,9,53,15): error RCS1118: Mark local variable as const (https://josefpihrt.github.io/docs/roslynator/analyzers/RCS1118)
11>D:\source\mwadams\Corvus.Text.Json\tests\Corvus.Text.Json.Analyzers.Tests\PreferMemoryParseAnalyzerTests.cs(140,9,140,15): error RCS1118: Mark local variable as const (https://josefpihrt.github.io/docs/roslynator/analyzers/RCS1118)
11>D:\source\mwadams\Corvus.Text.Json\tests\Corvus.Text.Json.Analyzers.Tests\PreferRentedWriterAnalyzerTests.cs(80,9,80,15): error RCS1118: Mark local variable as const (https://josefpihrt.github.io/docs/roslynator/analyzers/RCS1118)
11>D:\source\mwadams\Corvus.Text.Json\tests\Corvus.Text.Json.Analyzers.Tests\MissingDisposeAnalyzerTests.cs(194,9,194,15): error RCS1118: Mark local variable as const (https://josefpihrt.github.io/docs/roslynator/analyzers/RCS1118)
11>D:\source\mwadams\Corvus.Text.Json\tests\Corvus.Text.Json.Analyzers.Tests\SchemaNavigationRefactoringTests.cs(245,9,245,15): error RCS1118: Mark local variable as const (https://josefpihrt.github.io/docs/roslynator/analyzers/RCS1118)
11>D:\source\mwadams\Corvus.Text.Json\tests\Corvus.Text.Json.Analyzers.Tests\PreferMemoryParseAnalyzerTests.cs(161,9,161,15): error RCS1118: Mark local variable as const (https://josefpihrt.github.io/docs/roslynator/analyzers/RCS1118)
11>D:\source\mwadams\Corvus.Text.Json\tests\Corvus.Text.Json.Analyzers.Tests\PreferRentedWriterAnalyzerTests.cs(106,9,106,15): error RCS1118: Mark local variable as const (https://josefpihrt.github.io/docs/roslynator/analyzers/RCS1118)
11>D:\source\mwadams\Corvus.Text.Json\tests\Corvus.Text.Json.Analyzers.Tests\MissingDisposeAnalyzerTests.cs(221,9,221,15): error RCS1118: Mark local variable as const (https://josefpihrt.github.io/docs/roslynator/analyzers/RCS1118)
11>D:\source\mwadams\Corvus.Text.Json\tests\Corvus.Text.Json.Analyzers.Tests\MissingDisposeAnalyzerTests.cs(242,9,242,15): error RCS1118: Mark local variable as const (https://josefpihrt.github.io/docs/roslynator/analyzers/RCS1118)
11>D:\source\mwadams\Corvus.Text.Json\tests\Corvus.Text.Json.Analyzers.Tests\PreferRentedWriterAnalyzerTests.cs(127,9,127,15): error RCS1118: Mark local variable as const (https://josefpihrt.github.io/docs/roslynator/analyzers/RCS1118)
11>D:\source\mwadams\Corvus.Text.Json\tests\Corvus.Text.Json.Analyzers.Tests\PreferRentedWriterAnalyzerTests.cs(149,9,149,15): error RCS1118: Mark local variable as const (https://josefpihrt.github.io/docs/roslynator/analyzers/RCS1118)
11>D:\source\mwadams\Corvus.Text.Json\tests\Corvus.Text.Json.Analyzers.Tests\MissingDisposeAnalyzerTests.cs(268,9,268,15): error RCS1118: Mark local variable as const (https://josefpihrt.github.io/docs/roslynator/analyzers/RCS1118)
11>D:\source\mwadams\Corvus.Text.Json\tests\Corvus.Text.Json.Analyzers.Tests\PreferRentedWriterAnalyzerTests.cs(188,9,188,15): error RCS1118: Mark local variable as const (https://josefpihrt.github.io/docs/roslynator/analyzers/RCS1118)
11>D:\source\mwadams\Corvus.Text.Json\tests\Corvus.Text.Json.Analyzers.Tests\MissingDisposeAnalyzerTests.cs(297,9,297,15): error RCS1118: Mark local variable as const (https://josefpihrt.github.io/docs/roslynator/analyzers/RCS1118)
11>D:\source\mwadams\Corvus.Text.Json\tests\Corvus.Text.Json.Analyzers.Tests\PreferMemoryParseAnalyzerTests.cs(214,9,214,15): error RCS1118: Mark local variable as const (https://josefpihrt.github.io/docs/roslynator/analyzers/RCS1118)
11>D:\source\mwadams\Corvus.Text.Json\tests\Corvus.Text.Json.Analyzers.Tests\PreferMemoryParseAnalyzerTests.cs(192,9,192,15): error RCS1118: Mark local variable as const (https://josefpihrt.github.io/docs/roslynator/analyzers/RCS1118)
11>D:\source\mwadams\Corvus.Text.Json\tests\Corvus.Text.Json.Analyzers.Tests\SchemaNavigationRefactoringTests.cs(287,9,287,15): error RCS1118: Mark local variable as const (https://josefpihrt.github.io/docs/roslynator/analyzers/RCS1118)
11>D:\source\mwadams\Corvus.Text.Json\tests\Corvus.Text.Json.Analyzers.Tests\SchemaNavigationRefactoringTests.cs(319,9,319,15): error RCS1118: Mark local variable as const (https://josefpihrt.github.io/docs/roslynator/analyzers/RCS1118)
11>D:\source\mwadams\Corvus.Text.Json\tests\Corvus.Text.Json.Analyzers.Tests\SchemaNavigationRefactoringTests.cs(350,9,350,15): error RCS1118: Mark local variable as const (https://josefpihrt.github.io/docs/roslynator/analyzers/RCS1118)
11>D:\source\mwadams\Corvus.Text.Json\tests\Corvus.Text.Json.Analyzers.Tests\SchemaNavigationRefactoringTests.cs(84,5,84,35): error SA1124: Do not use regions (https://github.com/DotNetAnalyzers/StyleCopAnalyzers/blob/master/documentation/SA1124.md)
11>D:\source\mwadams\Corvus.Text.Json\tests\Corvus.Text.Json.Analyzers.Tests\SchemaNavigationRefactoringTests.cs(282,5,282,70): error SA1124: Do not use regions (https://github.com/DotNetAnalyzers/StyleCopAnalyzers/blob/master/documentation/SA1124.md)
11>D:\source\mwadams\Corvus.Text.Json\tests\Corvus.Text.Json.Analyzers.Tests\PropertyNameAllocationAnalyzerTests.cs(59,9,59,15): error RCS1118: Mark local variable as const (https://josefpihrt.github.io/docs/roslynator/analyzers/RCS1118)
11>D:\source\mwadams\Corvus.Text.Json\tests\Corvus.Text.Json.Analyzers.Tests\PropertyNameAllocationAnalyzerTests.cs(88,9,88,15): error RCS1118: Mark local variable as const (https://josefpihrt.github.io/docs/roslynator/analyzers/RCS1118)
11>D:\source\mwadams\Corvus.Text.Json\tests\Corvus.Text.Json.Analyzers.Tests\PropertyNameAllocationAnalyzerTests.cs(117,9,117,15): error RCS1118: Mark local variable as const (https://josefpihrt.github.io/docs/roslynator/analyzers/RCS1118)
11>D:\source\mwadams\Corvus.Text.Json\tests\Corvus.Text.Json.Analyzers.Tests\SchemaNavigationRefactoringTests.cs(411,9,411,15): error RCS1118: Mark local variable as const (https://josefpihrt.github.io/docs/roslynator/analyzers/RCS1118)
11>D:\source\mwadams\Corvus.Text.Json\tests\Corvus.Text.Json.Analyzers.Tests\SchemaNavigationRefactoringTests.cs(403,5,403,48): error SA1124: Do not use regions (https://github.com/DotNetAnalyzers/StyleCopAnalyzers/blob/master/documentation/SA1124.md)
11>D:\source\mwadams\Corvus.Text.Json\tests\Corvus.Text.Json.Analyzers.Tests\PropertyNameAllocationAnalyzerTests.cs(179,9,179,15): error RCS1118: Mark local variable as const (https://josefpihrt.github.io/docs/roslynator/analyzers/RCS1118)
11>D:\source\mwadams\Corvus.Text.Json\tests\Corvus.Text.Json.Analyzers.Tests\PropertyNameAllocationAnalyzerTests.cs(150,9,150,15): error RCS1118: Mark local variable as const (https://josefpihrt.github.io/docs/roslynator/analyzers/RCS1118)
11>D:\source\mwadams\Corvus.Text.Json\tests\Corvus.Text.Json.Analyzers.Tests\SchemaNavigationRefactoringTests.cs(453,9,453,15): error RCS1118: Mark local variable as const (https://josefpihrt.github.io/docs/roslynator/analyzers/RCS1118)
11>D:\source\mwadams\Corvus.Text.Json\tests\Corvus.Text.Json.Analyzers.Tests\MissingDisposeAnalyzerTests.cs(324,9,324,15): error RCS1118: Mark local variable as const (https://josefpihrt.github.io/docs/roslynator/analyzers/RCS1118)
11>D:\source\mwadams\Corvus.Text.Json\tests\Corvus.Text.Json.Analyzers.Tests\PropertyNameAllocationAnalyzerTests.cs(212,9,212,15): error RCS1118: Mark local variable as const (https://josefpihrt.github.io/docs/roslynator/analyzers/RCS1118)
11>D:\source\mwadams\Corvus.Text.Json\tests\Corvus.Text.Json.Analyzers.Tests\MissingDisposeAnalyzerTests.cs(336,9,336,15): error RCS1118: Mark local variable as const (https://josefpihrt.github.io/docs/roslynator/analyzers/RCS1118)
11>D:\source\mwadams\Corvus.Text.Json\tests\Corvus.Text.Json.Analyzers.Tests\PropertyNameAllocationAnalyzerTests.cs(226,9,226,15): error RCS1118: Mark local variable as const (https://josefpihrt.github.io/docs/roslynator/analyzers/RCS1118)
11>D:\source\mwadams\Corvus.Text.Json\tests\Corvus.Text.Json.Analyzers.Tests\MissingDisposeAnalyzerTests.cs(364,9,364,15): error RCS1118: Mark local variable as const (https://josefpihrt.github.io/docs/roslynator/analyzers/RCS1118)
11>D:\source\mwadams\Corvus.Text.Json\tests\Corvus.Text.Json.Analyzers.Tests\MissingDisposeAnalyzerTests.cs(376,9,376,15): error RCS1118: Mark local variable as const (https://josefpihrt.github.io/docs/roslynator/analyzers/RCS1118)
11>D:\source\mwadams\Corvus.Text.Json\tests\Corvus.Text.Json.Analyzers.Tests\MissingDisposeAnalyzerTests.cs(408,9,408,15): error RCS1118: Mark local variable as const (https://josefpihrt.github.io/docs/roslynator/analyzers/RCS1118)
11>D:\source\mwadams\Corvus.Text.Json\tests\Corvus.Text.Json.Analyzers.Tests\MissingDisposeAnalyzerTests.cs(440,9,440,15): error RCS1118: Mark local variable as const (https://josefpihrt.github.io/docs/roslynator/analyzers/RCS1118)
11>D:\source\mwadams\Corvus.Text.Json\tests\Corvus.Text.Json.Analyzers.Tests\PropertyNameAllocationAnalyzerTests.cs(256,9,256,15): error RCS1118: Mark local variable as const (https://josefpihrt.github.io/docs/roslynator/analyzers/RCS1118)
11>D:\source\mwadams\Corvus.Text.Json\tests\Corvus.Text.Json.Analyzers.Tests\SchemaNavigationRefactoringTests.cs(499,9,499,15): error RCS1118: Mark local variable as const (https://josefpihrt.github.io/docs/roslynator/analyzers/RCS1118)
11>D:\source\mwadams\Corvus.Text.Json\tests\Corvus.Text.Json.Analyzers.Tests\PropertyNameAllocationAnalyzerTests.cs(270,9,270,15): error RCS1118: Mark local variable as const (https://josefpihrt.github.io/docs/roslynator/analyzers/RCS1118)
11>D:\source\mwadams\Corvus.Text.Json\tests\Corvus.Text.Json.Analyzers.Tests\PropertyNameAllocationAnalyzerTests.cs(300,9,300,15): error RCS1118: Mark local variable as const (https://josefpihrt.github.io/docs/roslynator/analyzers/RCS1118)
11>D:\source\mwadams\Corvus.Text.Json\tests\Corvus.Text.Json.Analyzers.Tests\PropertyNameAllocationAnalyzerTests.cs(314,9,314,15): error RCS1118: Mark local variable as const (https://josefpihrt.github.io/docs/roslynator/analyzers/RCS1118)
11>D:\source\mwadams\Corvus.Text.Json\tests\Corvus.Text.Json.Analyzers.Tests\PropertyNameAllocationAnalyzerTests.cs(348,9,348,15): error RCS1118: Mark local variable as const (https://josefpihrt.github.io/docs/roslynator/analyzers/RCS1118)
11>D:\source\mwadams\Corvus.Text.Json\tests\Corvus.Text.Json.Analyzers.Tests\PropertyNameAllocationAnalyzerTests.cs(371,9,371,15): error RCS1118: Mark local variable as const (https://josefpihrt.github.io/docs/roslynator/analyzers/RCS1118)
11>D:\source\mwadams\Corvus.Text.Json\tests\Corvus.Text.Json.Analyzers.Tests\PropertyNameAllocationAnalyzerTests.cs(402,9,402,15): error RCS1118: Mark local variable as const (https://josefpihrt.github.io/docs/roslynator/analyzers/RCS1118)
11>D:\source\mwadams\Corvus.Text.Json\tests\Corvus.Text.Json.Analyzers.Tests\PropertyNameAllocationAnalyzerTests.cs(423,9,423,15): error RCS1118: Mark local variable as const (https://josefpihrt.github.io/docs/roslynator/analyzers/RCS1118)
11>D:\source\mwadams\Corvus.Text.Json\tests\Corvus.Text.Json.Analyzers.Tests\SchemaNavigationRefactoringTests.cs(373,9,373,15): error RCS1118: Mark local variable as const (https://josefpihrt.github.io/docs/roslynator/analyzers/RCS1118)
11>D:\source\mwadams\Corvus.Text.Json\tests\Corvus.Text.Json.Analyzers.Tests\SchemaNavigationRefactoringTests.cs(552,9,552,15): error RCS1118: Mark local variable as const (https://josefpihrt.github.io/docs/roslynator/analyzers/RCS1118)
11>D:\source\mwadams\Corvus.Text.Json\tests\Corvus.Text.Json.Analyzers.Tests\SchemaNavigationRefactoringTests.cs(547,5,547,53): error SA1124: Do not use regions (https://github.com/DotNetAnalyzers/StyleCopAnalyzers/blob/master/documentation/SA1124.md)
11>D:\source\mwadams\Corvus.Text.Json\tests\Corvus.Text.Json.Analyzers.Tests\SchemaNavigationRefactoringTests.cs(584,9,584,15): error RCS1118: Mark local variable as const (https://josefpihrt.github.io/docs/roslynator/analyzers/RCS1118)
11>D:\source\mwadams\Corvus.Text.Json\tests\Corvus.Text.Json.Analyzers.Tests\SchemaNavigationRefactoringTests.cs(620,9,620,15): error RCS1118: Mark local variable as const (https://josefpihrt.github.io/docs/roslynator/analyzers/RCS1118)
11>D:\source\mwadams\Corvus.Text.Json\tests\Corvus.Text.Json.Analyzers.Tests\SchemaNavigationRefactoringTests.cs(615,5,615,42): error SA1124: Do not use regions (https://github.com/DotNetAnalyzers/StyleCopAnalyzers/blob/master/documentation/SA1124.md)
11>D:\source\mwadams\Corvus.Text.Json\tests\Corvus.Text.Json.Analyzers.Tests\SchemaNavigationRefactoringTests.cs(650,9,650,15): error RCS1118: Mark local variable as const (https://josefpihrt.github.io/docs/roslynator/analyzers/RCS1118)
11>D:\source\mwadams\Corvus.Text.Json\tests\Corvus.Text.Json.Analyzers.Tests\SchemaNavigationRefactoringTests.cs(679,9,679,15): error RCS1118: Mark local variable as const (https://josefpihrt.github.io/docs/roslynator/analyzers/RCS1118)
11>D:\source\mwadams\Corvus.Text.Json\tests\Corvus.Text.Json.Analyzers.Tests\SchemaNavigationRefactoringTests.cs(712,9,712,15): error RCS1118: Mark local variable as const (https://josefpihrt.github.io/docs/roslynator/analyzers/RCS1118)
11>D:\source\mwadams\Corvus.Text.Json\tests\Corvus.Text.Json.Analyzers.Tests\SchemaNavigationRefactoringTests.cs(746,9,746,15): error RCS1118: Mark local variable as const (https://josefpihrt.github.io/docs/roslynator/analyzers/RCS1118)
11>D:\source\mwadams\Corvus.Text.Json\tests\Corvus.Text.Json.Analyzers.Tests\SchemaNavigationRefactoringTests.cs(777,9,777,15): error RCS1118: Mark local variable as const (https://josefpihrt.github.io/docs/roslynator/analyzers/RCS1118)
11>D:\source\mwadams\Corvus.Text.Json\tests\Corvus.Text.Json.Analyzers.Tests\SchemaNavigationRefactoringTests.cs(856,9,856,15): error RCS1118: Mark local variable as const (https://josefpihrt.github.io/docs/roslynator/analyzers/RCS1118)
11>D:\source\mwadams\Corvus.Text.Json\tests\Corvus.Text.Json.Analyzers.Tests\SchemaNavigationRefactoringTests.cs(818,9,818,15): error RCS1118: Mark local variable as const (https://josefpihrt.github.io/docs/roslynator/analyzers/RCS1118)
11>D:\source\mwadams\Corvus.Text.Json\tests\Corvus.Text.Json.Analyzers.Tests\SchemaNavigationRefactoringTests.cs(849,5,849,43): error SA1124: Do not use regions (https://github.com/DotNetAnalyzers/StyleCopAnalyzers/blob/master/documentation/SA1124.md)
11>D:\source\mwadams\Corvus.Text.Json\tests\Corvus.Text.Json.Analyzers.Tests\SchemaNavigationRefactoringTests.cs(889,9,889,15): error RCS1118: Mark local variable as const (https://josefpihrt.github.io/docs/roslynator/analyzers/RCS1118)
11>D:\source\mwadams\Corvus.Text.Json\tests\Corvus.Text.Json.Analyzers.Tests\SchemaNavigationRefactoringTests.cs(897,9,897,15): error RCS1118: Mark local variable as const (https://josefpihrt.github.io/docs/roslynator/analyzers/RCS1118)
11>D:\source\mwadams\Corvus.Text.Json\tests\Corvus.Text.Json.Analyzers.Tests\SchemaNavigationRefactoringTests.cs(967,9,967,15): error RCS1118: Mark local variable as const (https://josefpihrt.github.io/docs/roslynator/analyzers/RCS1118)
11>D:\source\mwadams\Corvus.Text.Json\tests\Corvus.Text.Json.Analyzers.Tests\SchemaNavigationRefactoringTests.cs(933,9,933,15): error RCS1118: Mark local variable as const (https://josefpihrt.github.io/docs/roslynator/analyzers/RCS1118)
11>D:\source\mwadams\Corvus.Text.Json\tests\Corvus.Text.Json.Analyzers.Tests\SchemaNavigationRefactoringTests.cs(986,9,986,15): error RCS1118: Mark local variable as const (https://josefpihrt.github.io/docs/roslynator/analyzers/RCS1118)
11>D:\source\mwadams\Corvus.Text.Json\tests\Corvus.Text.Json.Analyzers.Tests\SchemaNavigationRefactoringTests.cs(1061,5,1061,20): error SA1124: Do not use regions (https://github.com/DotNetAnalyzers/StyleCopAnalyzers/blob/master/documentation/SA1124.md)
11>D:\source\mwadams\Corvus.Text.Json\tests\Corvus.Text.Json.Analyzers.Tests\SchemaNavigationRefactoringTests.cs(1046,9,1046,15): error RCS1118: Mark local variable as const (https://josefpihrt.github.io/docs/roslynator/analyzers/RCS1118)
11>D:\source\mwadams\Corvus.Text.Json\tests\Corvus.Text.Json.Analyzers.Tests\SchemaNavigationRefactoringTests.cs(1002,9,1002,15): error RCS1118: Mark local variable as const (https://josefpihrt.github.io/docs/roslynator/analyzers/RCS1118)